error: vtable entries for `<S as B>`: [
           Method(<S as A>::foo_a1),
           Vacant,
           Method(<S as B>::foo_b1),
           Vacant,
           MetadataDropInPlace,
           MetadataTyLayout,
       ]
  --> $DIR/vtable-vacant.rs:14:1
   |
LL | trait B: A {
   | ^^^^^^^^^^

error: aborting due to 1 previous error

